// Jest Snapshot v1, https://goo.gl/fbAQLP

exports[`gen-api-models should handle NonNegativeNumbers: non-negative-numbers 1`] = `
"/* tslint:disable:ordered-imports */
/* tslint:disable:no-consecutive-blank-lines */
/* tslint:disable:no-trailing-whitespace */
/* tslint:disable:max-line-length */
/* tslint:disable:jsdoc-format */
/* tslint:disable:interface-name */
/* tslint:disable:no-any */
/* tslint:disable:object-literal-sort-keys */

/**
 *
 */

import { NonNegativeNumber } from \\"italia-ts-commons/lib/numbers\\";

import * as t from \\"io-ts\\";

export type NonNegativeNumberTest = t.TypeOf<typeof NonNegativeNumberTest>;

export const NonNegativeNumberTest = NonNegativeNumber;
"
`;

exports[`gen-api-models should not generate duplicate imports: dup-imports 1`] = `
"/* tslint:disable:ordered-imports */
/* tslint:disable:no-consecutive-blank-lines */
/* tslint:disable:no-trailing-whitespace */
/* tslint:disable:max-line-length */
/* tslint:disable:jsdoc-format */
/* tslint:disable:interface-name */
/* tslint:disable:no-any */
/* tslint:disable:object-literal-sort-keys */

import { EmailAddress } from \\"./EmailAddress\\";
import { FiscalCode } from \\"./FiscalCode\\";
import { IsInboxEnabled } from \\"./IsInboxEnabled\\";
import { IsWebhookEnabled } from \\"./IsWebhookEnabled\\";
import { PreferredLanguages } from \\"./PreferredLanguages\\";

/**
 * Describes the user's profile.
 */

import * as t from \\"io-ts\\";

// required attributes
const ProfileR = t.interface({
  family_name: t.string,

  fiscal_code: FiscalCode,

  has_profile: t.boolean,

  is_email_set: t.boolean,

  name: t.string,

  version: t.number
});

// optional attributes
const ProfileO = t.partial({
  email: EmailAddress,

  is_inbox_enabled: IsInboxEnabled,

  is_webhook_enabled: IsWebhookEnabled,

  preferred_email: EmailAddress,

  preferred_languages: PreferredLanguages
});

export const Profile = t.intersection([ProfileR, ProfileO], \\"Profile\\");

export type Profile = t.TypeOf<typeof Profile>;
"
`;
